chicken-install -proxy http://PITC-Zscaler-US-MilwaukeeZ.proxy.corporate.ge.com:9400 -username 212579854 -password eis12ley spiffy
